EN fulladder NULL D:/hwtwo/fulladdersubtracter/fulladder.vhd sub00/vhpl00 1636908295
AR fulladdersubtracter behavioral D:/hwtwo/fulladdersubtracter/fulladdersubtracter.vhd sub00/vhpl03 1636908298
AR fulladder behavioral D:/hwtwo/fulladdersubtracter/fulladder.vhd sub00/vhpl01 1636908296
EN fulladdersubtracter NULL D:/hwtwo/fulladdersubtracter/fulladdersubtracter.vhd sub00/vhpl02 1636908297
