EN fa5bit NULL D:/hwseven/sevensegment/FA5bit.vhd sub00/vhpl02 1639320765
AR sevensegment behavioral D:/hwseven/sevensegment/sevensegment.vhd sub00/vhpl05 1639320768
EN fa NULL D:/hwseven/sevensegment/FA.vhd sub00/vhpl00 1639320763
EN sevensegment NULL D:/hwseven/sevensegment/sevensegment.vhd sub00/vhpl04 1639320767
AR fa behavioral D:/hwseven/sevensegment/FA.vhd sub00/vhpl01 1639320764
AR fa5bit behavioral D:/hwseven/sevensegment/FA5bit.vhd sub00/vhpl03 1639320766
