EN fa NULL D:/hw4/adder3bitandsevensegment/fa.vhd sub00/vhpl00 1638110909
EN fa3bitanddecoderhextosevensegment NULL D:/hw4/adder3bitandsevensegment/fa3bitanddecoderhextosevensegment.vhd sub00/vhpl02 1638110911
AR fa3bitanddecoderhextosevensegment behavioral D:/hw4/adder3bitandsevensegment/fa3bitanddecoderhextosevensegment.vhd sub00/vhpl03 1638110912
AR fa behavioral D:/hw4/adder3bitandsevensegment/fa.vhd sub00/vhpl01 1638110910
